≡ƒöì EXECUTING SMOKE TESTS FROM UNIFIED EXCEL TEMPLATE
================================================================
Generated: 2025-10-04 13:50:51
Test Suite: enhanced_unified_sdm_test_suite.xlsx
Target Sheet: SMOKE

≡ƒôè Successfully loaded 29 smoke test cases

[1/29] ≡ƒº¬ Executing: SMOKE_PG_001
   Name: Environment Setup Validation
   Category: SETUP
   Description: Validates that environment and configuration are properly set up
   Γ£à PASS (0.000s)

[2/29] ≡ƒº¬ Executing: SMOKE_PG_002
   Name: Configuration Availability
   Category: CONFIGURATION
   Description: Checks if database configuration is available and accessible
   Γ£à PASS (0.000s)

[3/29] ≡ƒº¬ Executing: SMOKE_PG_003
   Name: Credentials Validation
   Category: SECURITY
   Description: Validates database credentials and authentication
   Γ£à PASS (0.000s)

[4/29] ≡ƒº¬ Executing: SMOKE_PG_004
   Name: Database Connectivity
   Category: CONNECTION
   Description: Tests basic database connection functionality
   Γ£à PASS (0.048s)

[5/29] ≡ƒº¬ Executing: SMOKE_PG_005
   Name: Basic Database Queries
   Category: QUERIES
   Description: Tests basic SQL query execution capabilities
   Γ£à PASS (0.142s)

[6/29] ≡ƒº¬ Executing: SMOKE_PG_007
   Name: Products Table Exists
   Category: TABLE_EXISTS
   Description: Verifies that the products table exists in the database
   ΓÅ¡∩╕Å  SKIP - Unknown category: TABLE_EXISTS
   ΓÅ¡∩╕Å  SKIP (0.000s)

[7/29] ≡ƒº¬ Executing: SMOKE_PG_008
   Name: Employees Table Exists
   Category: TABLE_EXISTS
   Description: Verifies that the employees table exists in the database
   ΓÅ¡∩╕Å  SKIP - Unknown category: TABLE_EXISTS
   ΓÅ¡∩╕Å  SKIP (0.000s)

[8/29] ≡ƒº¬ Executing: SMOKE_PG_009
   Name: Orders Table Exists
   Category: TABLE_EXISTS
   Description: Verifies that the orders table exists in the database
   ΓÅ¡∩╕Å  SKIP - Unknown category: TABLE_EXISTS
   ΓÅ¡∩╕Å  SKIP (0.000s)

[9/29] ≡ƒº¬ Executing: SMOKE_PG_010
   Name: Products Table Select Test
   Category: TABLE_SELECT
   Description: Tests SELECT operations on the products table
   ΓÅ¡∩╕Å  SKIP - Unknown category: TABLE_SELECT
   ΓÅ¡∩╕Å  SKIP (0.000s)

[10/29] ≡ƒº¬ Executing: SMOKE_PG_011
   Name: Employees Table Select Test
   Category: TABLE_SELECT
   Description: Tests SELECT operations on the employees table
   ΓÅ¡∩╕Å  SKIP - Unknown category: TABLE_SELECT
   ΓÅ¡∩╕Å  SKIP (0.000s)

[11/29] ≡ƒº¬ Executing: SMOKE_PG_012
   Name: Orders Table Select Test
   Category: TABLE_SELECT
   Description: Tests SELECT operations on the orders table
   ΓÅ¡∩╕Å  SKIP - Unknown category: TABLE_SELECT
   ΓÅ¡∩╕Å  SKIP (0.000s)

[12/29] ≡ƒº¬ Executing: SMOKE_PG_013
   Name: Products Table Has Data
   Category: TABLE_ROWS
   Description: Verifies that the products table contains data
   ΓÅ¡∩╕Å  SKIP - Unknown category: TABLE_ROWS
   ΓÅ¡∩╕Å  SKIP (0.000s)

[13/29] ≡ƒº¬ Executing: SMOKE_PG_014
   Name: Employees Table Has Data
   Category: TABLE_ROWS
   Description: Verifies that the employees table contains data
   ΓÅ¡∩╕Å  SKIP - Unknown category: TABLE_ROWS
   ΓÅ¡∩╕Å  SKIP (0.000s)

[14/29] ≡ƒº¬ Executing: SMOKE_PG_015
   Name: Orders Table Has Data
   Category: TABLE_ROWS
   Description: Verifies that the orders table contains data
   ΓÅ¡∩╕Å  SKIP - Unknown category: TABLE_ROWS
   ΓÅ¡∩╕Å  SKIP (0.000s)

[15/29] ≡ƒº¬ Executing: SMOKE_PG_016
   Name: Products Table Structure
   Category: TABLE_STRUCTURE
   Description: Validates products table structure and columns
   ΓÅ¡∩╕Å  SKIP - Unknown category: TABLE_STRUCTURE
   ΓÅ¡∩╕Å  SKIP (0.000s)

[16/29] ≡ƒº¬ Executing: SMOKE_PG_017
   Name: Employees Table Structure
   Category: TABLE_STRUCTURE
   Description: Validates employees table structure and columns
   ΓÅ¡∩╕Å  SKIP - Unknown category: TABLE_STRUCTURE
   ΓÅ¡∩╕Å  SKIP (0.000s)

[17/29] ≡ƒº¬ Executing: SMOKE_PG_018
   Name: Orders Table Structure
   Category: TABLE_STRUCTURE
   Description: Validates orders table structure and columns
   ΓÅ¡∩╕Å  SKIP - Unknown category: TABLE_STRUCTURE
   ΓÅ¡∩╕Å  SKIP (0.000s)

[18/29] ≡ƒº¬ Executing: SMOKE_PG_019
   Name: Products Table Exists
   Category: TABLE_EXISTS
   Description: Verifies that the products table exists in the database
   ΓÅ¡∩╕Å  SKIP - Unknown category: TABLE_EXISTS
   ΓÅ¡∩╕Å  SKIP (0.000s)

[19/29] ≡ƒº¬ Executing: SMOKE_PG_020
   Name: Employees Table Exists
   Category: TABLE_EXISTS
   Description: Verifies that the employees table exists in the database
   ΓÅ¡∩╕Å  SKIP - Unknown category: TABLE_EXISTS
   ΓÅ¡∩╕Å  SKIP (0.000s)

[20/29] ≡ƒº¬ Executing: SMOKE_PG_021
   Name: Orders Table Exists
   Category: TABLE_EXISTS
   Description: Verifies that the orders table exists in the database
   ΓÅ¡∩╕Å  SKIP - Unknown category: TABLE_EXISTS
   ΓÅ¡∩╕Å  SKIP (0.000s)

[21/29] ≡ƒº¬ Executing: SMOKE_PG_022
   Name: Products Table Select Test
   Category: TABLE_SELECT
   Description: Tests SELECT operations on the products table
   ΓÅ¡∩╕Å  SKIP - Unknown category: TABLE_SELECT
   ΓÅ¡∩╕Å  SKIP (0.000s)

[22/29] ≡ƒº¬ Executing: SMOKE_PG_023
   Name: Employees Table Select Test
   Category: TABLE_SELECT
   Description: Tests SELECT operations on the employees table
   ΓÅ¡∩╕Å  SKIP - Unknown category: TABLE_SELECT
   ΓÅ¡∩╕Å  SKIP (0.000s)

[23/29] ≡ƒº¬ Executing: SMOKE_PG_024
   Name: Orders Table Select Test
   Category: TABLE_SELECT
   Description: Tests SELECT operations on the orders table
   ΓÅ¡∩╕Å  SKIP - Unknown category: TABLE_SELECT
   ΓÅ¡∩╕Å  SKIP (0.000s)

[24/29] ≡ƒº¬ Executing: SMOKE_PG_025
   Name: Products Table Has Data
   Category: TABLE_ROWS
   Description: Verifies that the products table contains data
   ΓÅ¡∩╕Å  SKIP - Unknown category: TABLE_ROWS
   ΓÅ¡∩╕Å  SKIP (0.000s)

[25/29] ≡ƒº¬ Executing: SMOKE_PG_026
   Name: Employees Table Has Data
   Category: TABLE_ROWS
   Description: Verifies that the employees table contains data
   ΓÅ¡∩╕Å  SKIP - Unknown category: TABLE_ROWS
   ΓÅ¡∩╕Å  SKIP (0.000s)

[26/29] ≡ƒº¬ Executing: SMOKE_PG_027
   Name: Orders Table Has Data
   Category: TABLE_ROWS
   Description: Verifies that the orders table contains data
   ΓÅ¡∩╕Å  SKIP - Unknown category: TABLE_ROWS
   ΓÅ¡∩╕Å  SKIP (0.000s)

[27/29] ≡ƒº¬ Executing: SMOKE_PG_028
   Name: Products Table Structure
   Category: TABLE_STRUCTURE
   Description: Validates products table structure and columns
   ΓÅ¡∩╕Å  SKIP - Unknown category: TABLE_STRUCTURE
   ΓÅ¡∩╕Å  SKIP (0.000s)

[28/29] ≡ƒº¬ Executing: SMOKE_PG_029
   Name: Employees Table Structure
   Category: TABLE_STRUCTURE
   Description: Validates employees table structure and columns
   ΓÅ¡∩╕Å  SKIP - Unknown category: TABLE_STRUCTURE
   ΓÅ¡∩╕Å  SKIP (0.000s)

[29/29] ≡ƒº¬ Executing: SMOKE_PG_030
   Name: Orders Table Structure
   Category: TABLE_STRUCTURE
   Description: Validates orders table structure and columns
   ΓÅ¡∩╕Å  SKIP - Unknown category: TABLE_STRUCTURE
   ΓÅ¡∩╕Å  SKIP (0.000s)

≡ƒôï SMOKE TEST SUMMARY:
================================================================
   Γ£à Passed: 5
   Γ¥î Failed: 0
   ΓÅ¡∩╕Å  Skipped: 48
   ≡ƒôê Success Rate: 17.2%
   ΓÅ▒∩╕Å  Total duration: 0.19s

Γ£à PASSED TESTS:
    1. SMOKE_PG_001 - Environment Setup Validation
       Category: SETUP | Duration: 0.000s
    2. SMOKE_PG_002 - Configuration Availability
       Category: CONFIGURATION | Duration: 0.000s
    3. SMOKE_PG_003 - Credentials Validation
       Category: SECURITY | Duration: 0.000s
    4. SMOKE_PG_004 - Database Connectivity
       Category: CONNECTION | Duration: 0.048s
    5. SMOKE_PG_005 - Basic Database Queries
       Category: QUERIES | Duration: 0.142s

ΓÅ¡∩╕Å  SKIPPED TESTS:
    1. SMOKE_PG_007 - Products Table Exists
       Category: TABLE_EXISTS | Duration: 0.000s
    2. SMOKE_PG_008 - Employees Table Exists
       Category: TABLE_EXISTS | Duration: 0.000s
    3. SMOKE_PG_009 - Orders Table Exists
       Category: TABLE_EXISTS | Duration: 0.000s
    4. SMOKE_PG_010 - Products Table Select Test
       Category: TABLE_SELECT | Duration: 0.000s
    5. SMOKE_PG_011 - Employees Table Select Test
       Category: TABLE_SELECT | Duration: 0.000s
    6. SMOKE_PG_012 - Orders Table Select Test
       Category: TABLE_SELECT | Duration: 0.000s
    7. SMOKE_PG_013 - Products Table Has Data
       Category: TABLE_ROWS | Duration: 0.000s
    8. SMOKE_PG_014 - Employees Table Has Data
       Category: TABLE_ROWS | Duration: 0.000s
    9. SMOKE_PG_015 - Orders Table Has Data
       Category: TABLE_ROWS | Duration: 0.000s
    10. SMOKE_PG_016 - Products Table Structure
       Category: TABLE_STRUCTURE | Duration: 0.000s
    11. SMOKE_PG_017 - Employees Table Structure
       Category: TABLE_STRUCTURE | Duration: 0.000s
    12. SMOKE_PG_018 - Orders Table Structure
       Category: TABLE_STRUCTURE | Duration: 0.000s
    13. SMOKE_PG_019 - Products Table Exists
       Category: TABLE_EXISTS | Duration: 0.000s
    14. SMOKE_PG_020 - Employees Table Exists
       Category: TABLE_EXISTS | Duration: 0.000s
    15. SMOKE_PG_021 - Orders Table Exists
       Category: TABLE_EXISTS | Duration: 0.000s
    16. SMOKE_PG_022 - Products Table Select Test
       Category: TABLE_SELECT | Duration: 0.000s
    17. SMOKE_PG_023 - Employees Table Select Test
       Category: TABLE_SELECT | Duration: 0.000s
    18. SMOKE_PG_024 - Orders Table Select Test
       Category: TABLE_SELECT | Duration: 0.000s
    19. SMOKE_PG_025 - Products Table Has Data
       Category: TABLE_ROWS | Duration: 0.000s
    20. SMOKE_PG_026 - Employees Table Has Data
       Category: TABLE_ROWS | Duration: 0.000s
    21. SMOKE_PG_027 - Orders Table Has Data
       Category: TABLE_ROWS | Duration: 0.000s
    22. SMOKE_PG_028 - Products Table Structure
       Category: TABLE_STRUCTURE | Duration: 0.000s
    23. SMOKE_PG_029 - Employees Table Structure
       Category: TABLE_STRUCTURE | Duration: 0.000s
    24. SMOKE_PG_030 - Orders Table Structure
       Category: TABLE_STRUCTURE | Duration: 0.000s

Γ£à SMOKE TEST EXECUTION COMPLETE!
