
============================================================
COMPREHENSIVE TEST SUITE RUNNER
============================================================
Starting comprehensive test execution...
Excel File: enhanced_unified_sdm_test_suite.xlsx

≡ƒöì EXECUTING SMOKE TESTS FROM UNIFIED EXCEL TEMPLATE
================================================================
Generated: 2025-10-04 13:51:22
Test Suite: enhanced_unified_sdm_test_suite.xlsx
Target Sheet: SMOKE

≡ƒôè Successfully loaded 29 smoke test cases

[1/29] ≡ƒº¬ Executing: SMOKE_PG_001
   Name: Environment Setup Validation
   Category: SETUP
   Description: Validates that environment and configuration are properly set up
   Γ£à PASS (0.000s)

[2/29] ≡ƒº¬ Executing: SMOKE_PG_002
   Name: Configuration Availability
   Category: CONFIGURATION
   Description: Checks if database configuration is available and accessible
   Γ£à PASS (0.000s)

[3/29] ≡ƒº¬ Executing: SMOKE_PG_003
   Name: Credentials Validation
   Category: SECURITY
   Description: Validates database credentials and authentication
   Γ£à PASS (0.000s)

[4/29] ≡ƒº¬ Executing: SMOKE_PG_004
   Name: Database Connectivity
   Category: CONNECTION
   Description: Tests basic database connection functionality
   Γ£à PASS (0.038s)

[5/29] ≡ƒº¬ Executing: SMOKE_PG_005
   Name: Basic Database Queries
   Category: QUERIES
   Description: Tests basic SQL query execution capabilities
   Γ£à PASS (0.028s)

[6/29] ≡ƒº¬ Executing: SMOKE_PG_007
   Name: Products Table Exists
   Category: TABLE_EXISTS
   Description: Verifies that the products table exists in the database
   ΓÅ¡∩╕Å  SKIP - Unknown category: TABLE_EXISTS
   ΓÅ¡∩╕Å  SKIP (0.000s)

[7/29] ≡ƒº¬ Executing: SMOKE_PG_008
   Name: Employees Table Exists
   Category: TABLE_EXISTS
   Description: Verifies that the employees table exists in the database
   ΓÅ¡∩╕Å  SKIP - Unknown category: TABLE_EXISTS
   ΓÅ¡∩╕Å  SKIP (0.000s)

[8/29] ≡ƒº¬ Executing: SMOKE_PG_009
   Name: Orders Table Exists
   Category: TABLE_EXISTS
   Description: Verifies that the orders table exists in the database
   ΓÅ¡∩╕Å  SKIP - Unknown category: TABLE_EXISTS
   ΓÅ¡∩╕Å  SKIP (0.000s)

[9/29] ≡ƒº¬ Executing: SMOKE_PG_010
   Name: Products Table Select Test
   Category: TABLE_SELECT
   Description: Tests SELECT operations on the products table
   ΓÅ¡∩╕Å  SKIP - Unknown category: TABLE_SELECT
   ΓÅ¡∩╕Å  SKIP (0.000s)

[10/29] ≡ƒº¬ Executing: SMOKE_PG_011
   Name: Employees Table Select Test
   Category: TABLE_SELECT
   Description: Tests SELECT operations on the employees table
   ΓÅ¡∩╕Å  SKIP - Unknown category: TABLE_SELECT
   ΓÅ¡∩╕Å  SKIP (0.000s)

[11/29] ≡ƒº¬ Executing: SMOKE_PG_012
   Name: Orders Table Select Test
   Category: TABLE_SELECT
   Description: Tests SELECT operations on the orders table
   ΓÅ¡∩╕Å  SKIP - Unknown category: TABLE_SELECT
   ΓÅ¡∩╕Å  SKIP (0.000s)

[12/29] ≡ƒº¬ Executing: SMOKE_PG_013
   Name: Products Table Has Data
   Category: TABLE_ROWS
   Description: Verifies that the products table contains data
   ΓÅ¡∩╕Å  SKIP - Unknown category: TABLE_ROWS
   ΓÅ¡∩╕Å  SKIP (0.000s)

[13/29] ≡ƒº¬ Executing: SMOKE_PG_014
   Name: Employees Table Has Data
   Category: TABLE_ROWS
   Description: Verifies that the employees table contains data
   ΓÅ¡∩╕Å  SKIP - Unknown category: TABLE_ROWS
   ΓÅ¡∩╕Å  SKIP (0.000s)

[14/29] ≡ƒº¬ Executing: SMOKE_PG_015
   Name: Orders Table Has Data
   Category: TABLE_ROWS
   Description: Verifies that the orders table contains data
   ΓÅ¡∩╕Å  SKIP - Unknown category: TABLE_ROWS
   ΓÅ¡∩╕Å  SKIP (0.000s)

[15/29] ≡ƒº¬ Executing: SMOKE_PG_016
   Name: Products Table Structure
   Category: TABLE_STRUCTURE
   Description: Validates products table structure and columns
   ΓÅ¡∩╕Å  SKIP - Unknown category: TABLE_STRUCTURE
   ΓÅ¡∩╕Å  SKIP (0.000s)

[16/29] ≡ƒº¬ Executing: SMOKE_PG_017
   Name: Employees Table Structure
   Category: TABLE_STRUCTURE
   Description: Validates employees table structure and columns
   ΓÅ¡∩╕Å  SKIP - Unknown category: TABLE_STRUCTURE
   ΓÅ¡∩╕Å  SKIP (0.000s)

[17/29] ≡ƒº¬ Executing: SMOKE_PG_018
   Name: Orders Table Structure
   Category: TABLE_STRUCTURE
   Description: Validates orders table structure and columns
   ΓÅ¡∩╕Å  SKIP - Unknown category: TABLE_STRUCTURE
   ΓÅ¡∩╕Å  SKIP (0.000s)

[18/29] ≡ƒº¬ Executing: SMOKE_PG_019
   Name: Products Table Exists
   Category: TABLE_EXISTS
   Description: Verifies that the products table exists in the database
   ΓÅ¡∩╕Å  SKIP - Unknown category: TABLE_EXISTS
   ΓÅ¡∩╕Å  SKIP (0.000s)

[19/29] ≡ƒº¬ Executing: SMOKE_PG_020
   Name: Employees Table Exists
   Category: TABLE_EXISTS
   Description: Verifies that the employees table exists in the database
   ΓÅ¡∩╕Å  SKIP - Unknown category: TABLE_EXISTS
   ΓÅ¡∩╕Å  SKIP (0.000s)

[20/29] ≡ƒº¬ Executing: SMOKE_PG_021
   Name: Orders Table Exists
   Category: TABLE_EXISTS
   Description: Verifies that the orders table exists in the database
   ΓÅ¡∩╕Å  SKIP - Unknown category: TABLE_EXISTS
   ΓÅ¡∩╕Å  SKIP (0.000s)

[21/29] ≡ƒº¬ Executing: SMOKE_PG_022
   Name: Products Table Select Test
   Category: TABLE_SELECT
   Description: Tests SELECT operations on the products table
   ΓÅ¡∩╕Å  SKIP - Unknown category: TABLE_SELECT
   ΓÅ¡∩╕Å  SKIP (0.000s)

[22/29] ≡ƒº¬ Executing: SMOKE_PG_023
   Name: Employees Table Select Test
   Category: TABLE_SELECT
   Description: Tests SELECT operations on the employees table
   ΓÅ¡∩╕Å  SKIP - Unknown category: TABLE_SELECT
   ΓÅ¡∩╕Å  SKIP (0.000s)

[23/29] ≡ƒº¬ Executing: SMOKE_PG_024
   Name: Orders Table Select Test
   Category: TABLE_SELECT
   Description: Tests SELECT operations on the orders table
   ΓÅ¡∩╕Å  SKIP - Unknown category: TABLE_SELECT
   ΓÅ¡∩╕Å  SKIP (0.000s)

[24/29] ≡ƒº¬ Executing: SMOKE_PG_025
   Name: Products Table Has Data
   Category: TABLE_ROWS
   Description: Verifies that the products table contains data
   ΓÅ¡∩╕Å  SKIP - Unknown category: TABLE_ROWS
   ΓÅ¡∩╕Å  SKIP (0.000s)

[25/29] ≡ƒº¬ Executing: SMOKE_PG_026
   Name: Employees Table Has Data
   Category: TABLE_ROWS
   Description: Verifies that the employees table contains data
   ΓÅ¡∩╕Å  SKIP - Unknown category: TABLE_ROWS
   ΓÅ¡∩╕Å  SKIP (0.000s)

[26/29] ≡ƒº¬ Executing: SMOKE_PG_027
   Name: Orders Table Has Data
   Category: TABLE_ROWS
   Description: Verifies that the orders table contains data
   ΓÅ¡∩╕Å  SKIP - Unknown category: TABLE_ROWS
   ΓÅ¡∩╕Å  SKIP (0.000s)

[27/29] ≡ƒº¬ Executing: SMOKE_PG_028
   Name: Products Table Structure
   Category: TABLE_STRUCTURE
   Description: Validates products table structure and columns
   ΓÅ¡∩╕Å  SKIP - Unknown category: TABLE_STRUCTURE
   ΓÅ¡∩╕Å  SKIP (0.000s)

[28/29] ≡ƒº¬ Executing: SMOKE_PG_029
   Name: Employees Table Structure
   Category: TABLE_STRUCTURE
   Description: Validates employees table structure and columns
   ΓÅ¡∩╕Å  SKIP - Unknown category: TABLE_STRUCTURE
   ΓÅ¡∩╕Å  SKIP (0.000s)

[29/29] ≡ƒº¬ Executing: SMOKE_PG_030
   Name: Orders Table Structure
   Category: TABLE_STRUCTURE
   Description: Validates orders table structure and columns
   ΓÅ¡∩╕Å  SKIP - Unknown category: TABLE_STRUCTURE
   ΓÅ¡∩╕Å  SKIP (0.000s)

≡ƒôï SMOKE TEST SUMMARY:
================================================================
   Γ£à Passed: 5
   Γ¥î Failed: 0
   ΓÅ¡∩╕Å  Skipped: 48
   ≡ƒôê Success Rate: 17.2%
   ΓÅ▒∩╕Å  Total duration: 0.07s

Γ£à PASSED TESTS:
    1. SMOKE_PG_001 - Environment Setup Validation
       Category: SETUP | Duration: 0.000s
    2. SMOKE_PG_002 - Configuration Availability
       Category: CONFIGURATION | Duration: 0.000s
    3. SMOKE_PG_003 - Credentials Validation
       Category: SECURITY | Duration: 0.000s
    4. SMOKE_PG_004 - Database Connectivity
       Category: CONNECTION | Duration: 0.038s
    5. SMOKE_PG_005 - Basic Database Queries
       Category: QUERIES | Duration: 0.028s

ΓÅ¡∩╕Å  SKIPPED TESTS:
    1. SMOKE_PG_007 - Products Table Exists
       Category: TABLE_EXISTS | Duration: 0.000s
    2. SMOKE_PG_008 - Employees Table Exists
       Category: TABLE_EXISTS | Duration: 0.000s
    3. SMOKE_PG_009 - Orders Table Exists
       Category: TABLE_EXISTS | Duration: 0.000s
    4. SMOKE_PG_010 - Products Table Select Test
       Category: TABLE_SELECT | Duration: 0.000s
    5. SMOKE_PG_011 - Employees Table Select Test
       Category: TABLE_SELECT | Duration: 0.000s
    6. SMOKE_PG_012 - Orders Table Select Test
       Category: TABLE_SELECT | Duration: 0.000s
    7. SMOKE_PG_013 - Products Table Has Data
       Category: TABLE_ROWS | Duration: 0.000s
    8. SMOKE_PG_014 - Employees Table Has Data
       Category: TABLE_ROWS | Duration: 0.000s
    9. SMOKE_PG_015 - Orders Table Has Data
       Category: TABLE_ROWS | Duration: 0.000s
    10. SMOKE_PG_016 - Products Table Structure
       Category: TABLE_STRUCTURE | Duration: 0.000s
    11. SMOKE_PG_017 - Employees Table Structure
       Category: TABLE_STRUCTURE | Duration: 0.000s
    12. SMOKE_PG_018 - Orders Table Structure
       Category: TABLE_STRUCTURE | Duration: 0.000s
    13. SMOKE_PG_019 - Products Table Exists
       Category: TABLE_EXISTS | Duration: 0.000s
    14. SMOKE_PG_020 - Employees Table Exists
       Category: TABLE_EXISTS | Duration: 0.000s
    15. SMOKE_PG_021 - Orders Table Exists
       Category: TABLE_EXISTS | Duration: 0.000s
    16. SMOKE_PG_022 - Products Table Select Test
       Category: TABLE_SELECT | Duration: 0.000s
    17. SMOKE_PG_023 - Employees Table Select Test
       Category: TABLE_SELECT | Duration: 0.000s
    18. SMOKE_PG_024 - Orders Table Select Test
       Category: TABLE_SELECT | Duration: 0.000s
    19. SMOKE_PG_025 - Products Table Has Data
       Category: TABLE_ROWS | Duration: 0.000s
    20. SMOKE_PG_026 - Employees Table Has Data
       Category: TABLE_ROWS | Duration: 0.000s
    21. SMOKE_PG_027 - Orders Table Has Data
       Category: TABLE_ROWS | Duration: 0.000s
    22. SMOKE_PG_028 - Products Table Structure
       Category: TABLE_STRUCTURE | Duration: 0.000s
    23. SMOKE_PG_029 - Employees Table Structure
       Category: TABLE_STRUCTURE | Duration: 0.000s
    24. SMOKE_PG_030 - Orders Table Structure
       Category: TABLE_STRUCTURE | Duration: 0.000s

Γ£à SMOKE TEST EXECUTION COMPLETE!
≡ƒöì EXECUTING ENHANCED DATA VALIDATION TESTS
================================================================
Generated: 2025-10-04 13:51:22
Test Suite: enhanced_unified_sdm_test_suite.xlsx
Target Sheet: DATAVALIDATIONS

≡ƒôè Successfully loaded 9 data validation test cases

[1/9] ≡ƒº¬ Executing: DVAL_001
   Name: Products Schema Validation
   Category: SCHEMA_VALIDATION
   Parameters: source_table=products;target_table=new_products;ignore_sequence=true;check_constraints=true
   Source Table: products
   Target Table: new_products
   Γ¥î FAIL (0.047s)
   ≡ƒÆ¼ Schema differences found between products and new_products
   
   ≡ƒôï DETAILED SCHEMA COMPARISON:
   ============================================================
   SOURCE TABLE: products
   TARGET TABLE: new_products
   
   [1] COLUMN: product_code
       ISSUE: MISSING_IN_TARGET
       SOURCE: VARCHAR(30) NOT NULL
       TARGET: N/A
       DESC: Column 'product_code' exists in source but missing in target table
   
   [2] COLUMN: product_name
       ISSUE: SCHEMA_MISMATCH
       SOURCE: VARCHAR(200) NOT NULL
       TARGET: VARCHAR(100) NOT NULL
       DESC: Column 'product_name' has different properties between source and target
   
   [3] COLUMN: category
       ISSUE: MISSING_IN_TARGET
       SOURCE: VARCHAR(100) NOT NULL
       TARGET: N/A
       DESC: Column 'category' exists in source but missing in target table
   
   [4] COLUMN: subcategory
       ISSUE: MISSING_IN_TARGET
       SOURCE: VARCHAR(100)
       TARGET: N/A
       DESC: Column 'subcategory' exists in source but missing in target table
   
   [5] COLUMN: brand
       ISSUE: MISSING_IN_TARGET
       SOURCE: VARCHAR(100)
       TARGET: N/A
       DESC: Column 'brand' exists in source but missing in target table
   
   [6] COLUMN: supplier_id
       ISSUE: MISSING_IN_TARGET
       SOURCE: INTEGER NOT NULL
       TARGET: N/A
       DESC: Column 'supplier_id' exists in source but missing in target table
   
   [7] COLUMN: supplier_name
       ISSUE: MISSING_IN_TARGET
       SOURCE: VARCHAR(200) NOT NULL
       TARGET: N/A
       DESC: Column 'supplier_name' exists in source but missing in target table
   
   [8] COLUMN: unit_price
       ISSUE: MISSING_IN_TARGET
       SOURCE: NUMERIC(10,2) NOT NULL
       TARGET: N/A
       DESC: Column 'unit_price' exists in source but missing in target table
   
   [9] COLUMN: cost_price
       ISSUE: MISSING_IN_TARGET
       SOURCE: NUMERIC(10,2) NOT NULL
       TARGET: N/A
       DESC: Column 'cost_price' exists in source but missing in target table
   
   [10] COLUMN: reorder_level
       ISSUE: MISSING_IN_TARGET
       SOURCE: INTEGER
       TARGET: N/A
       DESC: Column 'reorder_level' exists in source but missing in target table
   
   [11] COLUMN: weight_kg
       ISSUE: MISSING_IN_TARGET
       SOURCE: NUMERIC(8,3)
       TARGET: N/A
       DESC: Column 'weight_kg' exists in source but missing in target table
   
   [12] COLUMN: dimensions_cm
       ISSUE: MISSING_IN_TARGET
       SOURCE: VARCHAR(50)
       TARGET: N/A
       DESC: Column 'dimensions_cm' exists in source but missing in target table
   
   [13] COLUMN: color
       ISSUE: MISSING_IN_TARGET
       SOURCE: VARCHAR(50)
       TARGET: N/A
       DESC: Column 'color' exists in source but missing in target table
   
   [14] COLUMN: size
       ISSUE: MISSING_IN_TARGET
       SOURCE: VARCHAR(20)
       TARGET: N/A
       DESC: Column 'size' exists in source but missing in target table
   
   [15] COLUMN: description
       ISSUE: MISSING_IN_TARGET
       SOURCE: TEXT
       TARGET: N/A
       DESC: Column 'description' exists in source but missing in target table
   
   [16] COLUMN: is_featured
       ISSUE: MISSING_IN_TARGET
       SOURCE: BOOLEAN
       TARGET: N/A
       DESC: Column 'is_featured' exists in source but missing in target table
   
   [17] COLUMN: created_date
       ISSUE: MISSING_IN_TARGET
       SOURCE: TIMESTAMP
       TARGET: N/A
       DESC: Column 'created_date' exists in source but missing in target table
   
   [18] COLUMN: updated_date
       ISSUE: MISSING_IN_TARGET
       SOURCE: TIMESTAMP
       TARGET: N/A
       DESC: Column 'updated_date' exists in source but missing in target table
   
   [19] COLUMN: launch_date
       ISSUE: MISSING_IN_TARGET
       SOURCE: DATE
       TARGET: N/A
       DESC: Column 'launch_date' exists in source but missing in target table
   
   [20] COLUMN: discontinue_date
       ISSUE: MISSING_IN_TARGET
       SOURCE: DATE
       TARGET: N/A
       DESC: Column 'discontinue_date' exists in source but missing in target table
   
   [21] COLUMN: warranty_months
       ISSUE: MISSING_IN_TARGET
       SOURCE: INTEGER
       TARGET: N/A
       DESC: Column 'warranty_months' exists in source but missing in target table
   
   [22] COLUMN: rating
       ISSUE: MISSING_IN_TARGET
       SOURCE: NUMERIC(3,2)
       TARGET: N/A
       DESC: Column 'rating' exists in source but missing in target table
   
   [23] COLUMN: review_count
       ISSUE: MISSING_IN_TARGET
       SOURCE: INTEGER
       TARGET: N/A
       DESC: Column 'review_count' exists in source but missing in target table
   
   [24] COLUMN: category_id
       ISSUE: EXTRA_IN_TARGET
       SOURCE: N/A
       TARGET: INTEGER
       DESC: Column 'category_id' exists in target but missing in source table
   
   [25] COLUMN: price
       ISSUE: EXTRA_IN_TARGET
       SOURCE: N/A
       TARGET: NUMERIC(12,2)
       DESC: Column 'price' exists in target but missing in source table
   
   [26] COLUMN: product_description
       ISSUE: EXTRA_IN_TARGET
       SOURCE: N/A
       TARGET: VARCHAR(1000)
       DESC: Column 'product_description' exists in target but missing in source table
   
   [27] COLUMN: created_at
       ISSUE: EXTRA_IN_TARGET
       SOURCE: N/A
       TARGET: TIMESTAMP
       DESC: Column 'created_at' exists in target but missing in source table
   
   [28] COLUMN: last_updated
       ISSUE: EXTRA_IN_TARGET
       SOURCE: N/A
       TARGET: TIMESTAMP
       DESC: Column 'last_updated' exists in target but missing in source table
   
   SUMMARY: 28 schema difference(s) found
   ============================================================

[2/9] ≡ƒº¬ Executing: DVAL_002
   Name: Employees Schema Validation
   Category: SCHEMA_VALIDATION
   Parameters: source_table=employees;target_table=new_employees;ignore_sequence=true;check_constraints=true
   Source Table: employees
   Target Table: new_employees
   Γ¥î FAIL (0.032s)
   ≡ƒÆ¼ Schema differences found between employees and new_employees
   
   ≡ƒôï DETAILED SCHEMA COMPARISON:
   ============================================================
   SOURCE TABLE: employees
   TARGET TABLE: new_employees
   
   [1] COLUMN: employee_code
       ISSUE: MISSING_IN_TARGET
       SOURCE: VARCHAR(20) NOT NULL
       TARGET: N/A
       DESC: Column 'employee_code' exists in source but missing in target table
   
   [2] COLUMN: email
       ISSUE: SCHEMA_MISMATCH
       SOURCE: VARCHAR(100) NOT NULL
       TARGET: VARCHAR(100)
       DESC: Column 'email' has different properties between source and target
   
   [3] COLUMN: phone_number
       ISSUE: SCHEMA_MISMATCH
       SOURCE: VARCHAR(20)
       TARGET: VARCHAR(15)
       DESC: Column 'phone_number' has different properties between source and target
   
   [4] COLUMN: job_title
       ISSUE: MISSING_IN_TARGET
       SOURCE: VARCHAR(100) NOT NULL
       TARGET: N/A
       DESC: Column 'job_title' exists in source but missing in target table
   
   [5] COLUMN: department_id
       ISSUE: SCHEMA_MISMATCH
       SOURCE: INTEGER NOT NULL
       TARGET: INTEGER
       DESC: Column 'department_id' has different properties between source and target
   
   [6] COLUMN: department_name
       ISSUE: MISSING_IN_TARGET
       SOURCE: VARCHAR(100) NOT NULL
       TARGET: N/A
       DESC: Column 'department_name' exists in source but missing in target table
   
   [7] COLUMN: salary
       ISSUE: SCHEMA_MISMATCH
       SOURCE: NUMERIC(10,2) NOT NULL
       TARGET: NUMERIC(12,2)
       DESC: Column 'salary' has different properties between source and target
   
   [8] COLUMN: status
       ISSUE: MISSING_IN_TARGET
       SOURCE: VARCHAR(20)
       TARGET: N/A
       DESC: Column 'status' exists in source but missing in target table
   
   [9] COLUMN: created_date
       ISSUE: MISSING_IN_TARGET
       SOURCE: TIMESTAMP
       TARGET: N/A
       DESC: Column 'created_date' exists in source but missing in target table
   
   [10] COLUMN: updated_date
       ISSUE: MISSING_IN_TARGET
       SOURCE: TIMESTAMP
       TARGET: N/A
       DESC: Column 'updated_date' exists in source but missing in target table
   
   [11] COLUMN: address_line1
       ISSUE: MISSING_IN_TARGET
       SOURCE: VARCHAR(200)
       TARGET: N/A
       DESC: Column 'address_line1' exists in source but missing in target table
   
   [12] COLUMN: address_line2
       ISSUE: MISSING_IN_TARGET
       SOURCE: VARCHAR(200)
       TARGET: N/A
       DESC: Column 'address_line2' exists in source but missing in target table
   
   [13] COLUMN: city
       ISSUE: MISSING_IN_TARGET
       SOURCE: VARCHAR(100)
       TARGET: N/A
       DESC: Column 'city' exists in source but missing in target table
   
   [14] COLUMN: state
       ISSUE: MISSING_IN_TARGET
       SOURCE: VARCHAR(50)
       TARGET: N/A
       DESC: Column 'state' exists in source but missing in target table
   
   [15] COLUMN: postal_code
       ISSUE: MISSING_IN_TARGET
       SOURCE: VARCHAR(20)
       TARGET: N/A
       DESC: Column 'postal_code' exists in source but missing in target table
   
   [16] COLUMN: country
       ISSUE: MISSING_IN_TARGET
       SOURCE: VARCHAR(50)
       TARGET: N/A
       DESC: Column 'country' exists in source but missing in target table
   
   [17] COLUMN: is_remote
       ISSUE: MISSING_IN_TARGET
       SOURCE: BOOLEAN
       TARGET: N/A
       DESC: Column 'is_remote' exists in source but missing in target table
   
   [18] COLUMN: performance_rating
       ISSUE: MISSING_IN_TARGET
       SOURCE: NUMERIC(3,2)
       TARGET: N/A
       DESC: Column 'performance_rating' exists in source but missing in target table
   
   [19] COLUMN: middle_name
       ISSUE: EXTRA_IN_TARGET
       SOURCE: N/A
       TARGET: VARCHAR(50)
       DESC: Column 'middle_name' exists in target but missing in source table
   
   [20] COLUMN: is_active
       ISSUE: EXTRA_IN_TARGET
       SOURCE: N/A
       TARGET: BOOLEAN
       DESC: Column 'is_active' exists in target but missing in source table
   
   [21] COLUMN: created_at
       ISSUE: EXTRA_IN_TARGET
       SOURCE: N/A
       TARGET: TIMESTAMP
       DESC: Column 'created_at' exists in target but missing in source table
   
   SUMMARY: 21 schema difference(s) found
   ============================================================

[3/9] ≡ƒº¬ Executing: DVAL_003
   Name: Orders Schema Validation
   Category: SCHEMA_VALIDATION
   Parameters: source_table=orders;target_table=new_orders;ignore_sequence=true;check_constraints=true
   Source Table: orders
   Target Table: new_orders
   Γ¥î FAIL (0.046s)
   ≡ƒÆ¼ Schema differences found between orders and new_orders
   
   ≡ƒôï DETAILED SCHEMA COMPARISON:
   ============================================================
   SOURCE TABLE: orders
   TARGET TABLE: new_orders
   
   [1] COLUMN: order_number
       ISSUE: MISSING_IN_TARGET
       SOURCE: VARCHAR(50) NOT NULL
       TARGET: N/A
       DESC: Column 'order_number' exists in source but missing in target table
   
   [2] COLUMN: customer_id
       ISSUE: SCHEMA_MISMATCH
       SOURCE: INTEGER NOT NULL
       TARGET: INTEGER
       DESC: Column 'customer_id' has different properties between source and target
   
   [3] COLUMN: total_amount
       ISSUE: MISSING_IN_TARGET
       SOURCE: NUMERIC(12,2) NOT NULL
       TARGET: N/A
       DESC: Column 'total_amount' exists in source but missing in target table
   
   [4] COLUMN: discount_amount
       ISSUE: MISSING_IN_TARGET
       SOURCE: NUMERIC(8,2)
       TARGET: N/A
       DESC: Column 'discount_amount' exists in source but missing in target table
   
   [5] COLUMN: tax_amount
       ISSUE: MISSING_IN_TARGET
       SOURCE: NUMERIC(8,2)
       TARGET: N/A
       DESC: Column 'tax_amount' exists in source but missing in target table
   
   [6] COLUMN: shipping_cost
       ISSUE: MISSING_IN_TARGET
       SOURCE: NUMERIC(8,2)
       TARGET: N/A
       DESC: Column 'shipping_cost' exists in source but missing in target table
   
   [7] COLUMN: payment_method
       ISSUE: MISSING_IN_TARGET
       SOURCE: VARCHAR(50)
       TARGET: N/A
       DESC: Column 'payment_method' exists in source but missing in target table
   
   [8] COLUMN: billing_address
       ISSUE: MISSING_IN_TARGET
       SOURCE: TEXT
       TARGET: N/A
       DESC: Column 'billing_address' exists in source but missing in target table
   
   [9] COLUMN: created_date
       ISSUE: MISSING_IN_TARGET
       SOURCE: TIMESTAMP
       TARGET: N/A
       DESC: Column 'created_date' exists in source but missing in target table
   
   [10] COLUMN: updated_date
       ISSUE: MISSING_IN_TARGET
       SOURCE: TIMESTAMP
       TARGET: N/A
       DESC: Column 'updated_date' exists in source but missing in target table
   
   [11] COLUMN: ship_via
       ISSUE: EXTRA_IN_TARGET
       SOURCE: N/A
       TARGET: INTEGER
       DESC: Column 'ship_via' exists in target but missing in source table
   
   [12] COLUMN: freight
       ISSUE: EXTRA_IN_TARGET
       SOURCE: N/A
       TARGET: NUMERIC(8,2)
       DESC: Column 'freight' exists in target but missing in source table
   
   [13] COLUMN: order_total
       ISSUE: EXTRA_IN_TARGET
       SOURCE: N/A
       TARGET: NUMERIC(15,2)
       DESC: Column 'order_total' exists in target but missing in source table
   
   [14] COLUMN: created_at
       ISSUE: EXTRA_IN_TARGET
       SOURCE: N/A
       TARGET: TIMESTAMP
       DESC: Column 'created_at' exists in target but missing in source table
   
   SUMMARY: 14 schema difference(s) found
   ============================================================

[4/9] ≡ƒº¬ Executing: DVAL_004
   Name: Products Row Count Validation
   Category: ROW_COUNT_VALIDATION
   Parameters: source_table=products;target_table=new_products;tolerance_percent=5;expected_variance=large
   Source Table: products
   Target Table: new_products
   Γ¥î FAIL (0.031s)
   ≡ƒÆ¼ Row count mismatch: source=1200, target=14

[5/9] ≡ƒº¬ Executing: DVAL_005
   Name: Employees Row Count Validation
   Category: ROW_COUNT_VALIDATION
   Parameters: source_table=employees;target_table=new_employees;tolerance_percent=5;expected_variance=large
   Source Table: employees
   Target Table: new_employees
   Γ¥î FAIL (0.034s)
   ≡ƒÆ¼ Row count mismatch: source=1000, target=9

[6/9] ≡ƒº¬ Executing: DVAL_006
   Name: Orders Row Count Validation
   Category: ROW_COUNT_VALIDATION
   Parameters: source_table=orders;target_table=new_orders;tolerance_percent=5;expected_variance=large
   Source Table: orders
   Target Table: new_orders
   Γ¥î FAIL (0.028s)
   ≡ƒÆ¼ Row count mismatch: source=800, target=9

[7/9] ≡ƒº¬ Executing: DVAL_007
   Name: Products NULL Value Validation
   Category: NULL_VALUE_VALIDATION
   Parameters: source_table=products;target_table=new_products;null_match_required=false;report_differences=true
   Source Table: products
   Target Table: new_products
   Γ¥î FAIL (0.042s)
   ≡ƒÆ¼ NULL value differences found in 1 columns
   
   ≡ƒôï DETAILED NULL VALUE COMPARISON:
   ============================================================
   SOURCE TABLE: products (1,200 rows)
   TARGET TABLE: new_products (14 rows)
   
   [1] ΓÜá∩╕Å COLUMN: stock_quantity (integer)
       ISSUE: NULL_COUNT_MISMATCH
       CONSTRAINT: SRC NULLABLE | TGT NULLABLE
       NULL COUNT: SRC 0 (0.0%) | TGT 1 (7.14%)
       DIFFERENCE: 1 null value(s)
   
   SUMMARY: 1 column(s) with NULL value issues
   ============================================================

[8/9] ≡ƒº¬ Executing: DVAL_008
   Name: Employees NULL Value Validation
   Category: NULL_VALUE_VALIDATION
   Parameters: source_table=employees;target_table=new_employees;null_match_required=false;report_differences=true
   Source Table: employees
   Target Table: new_employees
   Γ¥î FAIL (0.055s)
   ≡ƒÆ¼ NULL value differences found in 4 columns
   
   ≡ƒôï DETAILED NULL VALUE COMPARISON:
   ============================================================
   SOURCE TABLE: employees (1,000 rows)
   TARGET TABLE: new_employees (9 rows)
   
   [1] ΓÜá∩╕Å COLUMN: email (character varying)
       ISSUE: NULL_COUNT_MISMATCH
       CONSTRAINT: SRC NOT NULL | TGT NULLABLE
       NULL COUNT: SRC 0 (0.0%) | TGT 1 (11.11%)
       DIFFERENCE: 1 null value(s)
   
   [2] ΓÜá∩╕Å COLUMN: manager_id (integer)
       ISSUE: NULL_COUNT_MISMATCH
       CONSTRAINT: SRC NULLABLE | TGT NULLABLE
       NULL COUNT: SRC 100 (10.0%) | TGT 3 (33.33%)
       DIFFERENCE: 97 null value(s)
   
   [3] ΓÜá∩╕Å COLUMN: phone_number (character varying)
       ISSUE: NULL_COUNT_MISMATCH
       CONSTRAINT: SRC NULLABLE | TGT NULLABLE
       NULL COUNT: SRC 0 (0.0%) | TGT 1 (11.11%)
       DIFFERENCE: 1 null value(s)
   
   [4] ΓÜá∩╕Å COLUMN: salary (numeric)
       ISSUE: NULL_COUNT_MISMATCH
       CONSTRAINT: SRC NOT NULL | TGT NULLABLE
       NULL COUNT: SRC 0 (0.0%) | TGT 1 (11.11%)
       DIFFERENCE: 1 null value(s)
   
   SUMMARY: 4 column(s) with NULL value issues
   ============================================================

[9/9] ≡ƒº¬ Executing: DVAL_009
   Name: Orders NULL Value Validation
   Category: NULL_VALUE_VALIDATION
   Parameters: source_table=orders;target_table=new_orders;null_match_required=false;report_differences=true
   Source Table: orders
   Target Table: new_orders
   Γ¥î FAIL (0.052s)
   ≡ƒÆ¼ NULL value differences found in 5 columns
   
   ≡ƒôï DETAILED NULL VALUE COMPARISON:
   ============================================================
   SOURCE TABLE: orders (800 rows)
   TARGET TABLE: new_orders (9 rows)
   
   [1] ΓÜá∩╕Å COLUMN: customer_id (integer)
       ISSUE: NULL_COUNT_MISMATCH
       CONSTRAINT: SRC NOT NULL | TGT NULLABLE
       NULL COUNT: SRC 0 (0.0%) | TGT 1 (11.11%)
       DIFFERENCE: 1 null value(s)
   
   [2] ΓÜá∩╕Å COLUMN: employee_id (integer)
       ISSUE: NULL_COUNT_MISMATCH
       CONSTRAINT: SRC NULLABLE | TGT NULLABLE
       NULL COUNT: SRC 80 (10.0%) | TGT 0 (0.0%)
       DIFFERENCE: 80 null value(s)
   
   [3] ΓÜá∩╕Å COLUMN: required_date (date)
       ISSUE: NULL_COUNT_MISMATCH
       CONSTRAINT: SRC NULLABLE | TGT NULLABLE
       NULL COUNT: SRC 0 (0.0%) | TGT 1 (11.11%)
       DIFFERENCE: 1 null value(s)
   
   [4] ΓÜá∩╕Å COLUMN: shipped_date (date)
       ISSUE: NULL_COUNT_MISMATCH
       CONSTRAINT: SRC NULLABLE | TGT NULLABLE
       NULL COUNT: SRC 80 (10.0%) | TGT 6 (66.67%)
       DIFFERENCE: 74 null value(s)
   
   [5] ΓÜá∩╕Å COLUMN: shipping_address (text)
       ISSUE: NULL_COUNT_MISMATCH
       CONSTRAINT: SRC NULLABLE | TGT NULLABLE
       NULL COUNT: SRC 0 (0.0%) | TGT 3 (33.33%)
       DIFFERENCE: 3 null value(s)
   
   SUMMARY: 5 column(s) with NULL value issues
   ============================================================

≡ƒôï ENHANCED DATA VALIDATION TEST SUMMARY:
================================================================
   Γ£à Passed: 0
   Γ¥î Failed: 9
   ≡ƒôê Success Rate: 0.0%
   ΓÅ▒∩╕Å  Total duration: 0.37s

≡ƒôï DETAILED TEST RESULTS:
----------------------------------------

Γ¥î FAILED TESTS:
    1. DVAL_001 - Products Schema Validation
       Tables: products ΓåÆ new_products
       Category: SCHEMA_VALIDATION | Duration: 0.047s
       Error: Schema differences found between products and new_products
    2. DVAL_002 - Employees Schema Validation
       Tables: employees ΓåÆ new_employees
       Category: SCHEMA_VALIDATION | Duration: 0.032s
       Error: Schema differences found between employees and new_employees
    3. DVAL_003 - Orders Schema Validation
       Tables: orders ΓåÆ new_orders
       Category: SCHEMA_VALIDATION | Duration: 0.046s
       Error: Schema differences found between orders and new_orders
    4. DVAL_004 - Products Row Count Validation
       Tables: products ΓåÆ new_products
       Category: ROW_COUNT_VALIDATION | Duration: 0.031s
       Error: Row count mismatch: source=1200, target=14
    5. DVAL_005 - Employees Row Count Validation
       Tables: employees ΓåÆ new_employees
       Category: ROW_COUNT_VALIDATION | Duration: 0.034s
       Error: Row count mismatch: source=1000, target=9
    6. DVAL_006 - Orders Row Count Validation
       Tables: orders ΓåÆ new_orders
       Category: ROW_COUNT_VALIDATION | Duration: 0.028s
       Error: Row count mismatch: source=800, target=9
    7. DVAL_007 - Products NULL Value Validation
       Tables: products ΓåÆ new_products
       Category: NULL_VALUE_VALIDATION | Duration: 0.042s
       Error: NULL value differences found in 1 columns
    8. DVAL_008 - Employees NULL Value Validation
       Tables: employees ΓåÆ new_employees
       Category: NULL_VALUE_VALIDATION | Duration: 0.055s
       Error: NULL value differences found in 4 columns
    9. DVAL_009 - Orders NULL Value Validation
       Tables: orders ΓåÆ new_orders
       Category: NULL_VALUE_VALIDATION | Duration: 0.052s
       Error: NULL value differences found in 5 columns

Γ£à ENHANCED DATA VALIDATION TEST EXECUTION COMPLETE!
USAGE:
  python run_all_enabled_tests.py
  python run_all_enabled_tests.py <excel_file>

FEATURES:
  - Analyzes Enable flags in all test sheets
  - Runs only tests where Enable=TRUE
  - Executes SMOKE and DATAVALIDATIONS test suites
  - Provides summary of all results

============================================================
COMPREHENSIVE TEST SUITE RUNNER
============================================================
Started: 2025-10-04 13:51:21
Excel File: enhanced_unified_sdm_test_suite.xlsx

TEST ANALYSIS:
--------------------
SMOKE Tests: 29/30 enabled
CONTROLLER Tests: 2/6 enabled
DATAVALIDATIONS Tests: 9/9 enabled

TOTAL ENABLED TESTS: 40

============================================================
RUNNING SMOKE TESTS (29 enabled)
============================================================

============================================================
RUNNING DATA VALIDATION TESTS (9 enabled)
============================================================

============================================================
COMPREHENSIVE TEST SUITE SUMMARY
============================================================
Completed: 2025-10-04 13:51:23

RESULTS:
---------------
SMOKE: ISSUES (29 tests)
DATAVALIDATIONS: ISSUES (9 tests)

SUITE SUCCESS RATE: 0/2
TOTAL TESTS EXECUTED: 38

NEXT STEPS:
  - Check Enable flags in Excel sheets
  - Verify test configurations

Press any key to exit...
